// Jest Snapshot v1, https://goo.gl/fbAQLP

exports[`Test course components should match with snapshot 1`] = `[Function]`;
